#-----------------------------------------------------------
# Vivado v2024.1 (64-bit)
# SW Build 5076996 on Wed May 22 18:37:14 MDT 2024
# IP Build 5075265 on Wed May 22 21:45:21 MDT 2024
# SharedData Build 5076995 on Wed May 22 18:29:18 MDT 2024
# Start of session at: Tue Jul 15 17:58:45 2025
# Process ID: 29908
# Current directory: G:/IC Desing/IC-desing/Proyecto PONG/Anteproyectos para pong/Project 7 - UART Receiver
# Command line: vivado.exe -gui_launcher_event rodinguilauncherevent22180 G:\IC Desing\IC-desing\Proyecto PONG\Anteproyectos para pong\Project 7 - UART Receiver\Project 7 - UART Receiver.xpr
# Log file: G:/IC Desing/IC-desing/Proyecto PONG/Anteproyectos para pong/Project 7 - UART Receiver/vivado.log
# Journal file: G:/IC Desing/IC-desing/Proyecto PONG/Anteproyectos para pong/Project 7 - UART Receiver\vivado.jou
# Running On        :KASHJJ-PC
# Platform          :Windows Server 2016 or Windows 10
# Operating System  :26100
# Processor Detail  :12th Gen Intel(R) Core(TM) i5-12600K
# CPU Frequency     :3686 MHz
# CPU Physical cores:10
# CPU Logical cores :16
# Host memory       :16980 MB
# Swap memory       :18253 MB
# Total Virtual     :35234 MB
# Available Virtual :15886 MB
#-----------------------------------------------------------
start_gui
open_project {G:/IC Desing/IC-desing/Proyecto PONG/Anteproyectos para pong/Project 7 - UART Receiver/Project 7 - UART Receiver.xpr}
update_compile_order -fileset sources_1
save_project_as {Project 8 - UART Transmitter} {G:/IC Desing/IC-desing/Proyecto PONG/Anteproyectos para pong/Project 8 - UART Transmitter} -force
update_files -from_files {{G:/IC Desing/IC-desing/Proyecto PONG/Anteproyectos para pong/Constraints/Constraints_Project 8.xdc}} -to_files {{G:/IC Desing/IC-desing/Proyecto PONG/Anteproyectos para pong/Constraints/Constraints_Project 7.xdc}} -filesets [get_filesets *]
close [ open {G:/IC Desing/IC-desing/Proyecto PONG/Anteproyectos para pong/Project 8 - UART Transmitter/Project 8 - UART Transmitter.srcs/sources_1/new/UART_TX.sv} w ]
add_files {{G:/IC Desing/IC-desing/Proyecto PONG/Anteproyectos para pong/Project 8 - UART Transmitter/Project 8 - UART Transmitter.srcs/sources_1/new/UART_TX.sv}}
update_compile_order -fileset sources_1
